Archive member included because of file (symbol)

c:/winavr-20100110/bin/../lib/gcc/avr/4.3.3/avr5\libgcc.a(_mulsi3.o)
                              ./FreeRTOS/Src/integer.o (__mulsi3)
c:/winavr-20100110/bin/../lib/gcc/avr/4.3.3/avr5\libgcc.a(_udivmodsi4.o)
                              ./usart_driver.o (__udivmodsi4)
c:/winavr-20100110/bin/../lib/gcc/avr/4.3.3/avr5\libgcc.a(_divmodsi4.o)
                              ./FreeRTOS/Src/integer.o (__divmodsi4)
c:/winavr-20100110/bin/../lib/gcc/avr/4.3.3/avr5\libgcc.a(_exit.o)
                              c:/winavr-20100110/bin/../lib/gcc/avr/4.3.3/../../../../avr/lib/avr5/crtm32.o (exit)
c:/winavr-20100110/bin/../lib/gcc/avr/4.3.3/avr5\libgcc.a(_copy_data.o)
                              ./FreeRTOS/Src/PollQ.o (__do_copy_data)
c:/winavr-20100110/bin/../lib/gcc/avr/4.3.3/avr5\libgcc.a(_clear_bss.o)
                              ./FreeRTOS/Src/PollQ.o (__do_clear_bss)
c:/winavr-20100110/bin/../lib/gcc/avr/4.3.3/../../../../avr/lib/avr5\libc.a(memcpy.o)
                              ./FreeRTOS/Src/queue.o (memcpy)

Allocating common symbols
Common symbol       size              file

EgAlarm             0x2               ./main.o
EventsBitsValues    0x2               ./main.o

Memory Configuration

Name             Origin             Length             Attributes
text             0x00000000         0x00020000         xr
data             0x00800060         0x0000ffa0         rw !x
eeprom           0x00810000         0x00010000         rw !x
fuse             0x00820000         0x00000400         rw !x
lock             0x00830000         0x00000400         rw !x
signature        0x00840000         0x00000400         rw !x
*default*        0x00000000         0xffffffff

Linker script and memory map

LOAD c:/winavr-20100110/bin/../lib/gcc/avr/4.3.3/../../../../avr/lib/avr5/crtm32.o
LOAD ./FreeRTOS/Src/PollQ.o
LOAD ./FreeRTOS/Src/croutine.o
LOAD ./FreeRTOS/Src/event_groups.o
LOAD ./FreeRTOS/Src/heap_1.o
LOAD ./FreeRTOS/Src/integer.o
LOAD ./FreeRTOS/Src/list.o
LOAD ./FreeRTOS/Src/port.o
LOAD ./FreeRTOS/Src/queue.o
LOAD ./FreeRTOS/Src/tasks.o
LOAD ./UART_MA.o
LOAD ./main.o
LOAD ./usart_driver.o
LOAD c:/winavr-20100110/bin/../lib/gcc/avr/4.3.3/avr5\libgcc.a
LOAD c:/winavr-20100110/bin/../lib/gcc/avr/4.3.3/../../../../avr/lib/avr5\libc.a
LOAD c:/winavr-20100110/bin/../lib/gcc/avr/4.3.3/avr5\libgcc.a

.hash
 *(.hash)

.dynsym
 *(.dynsym)

.dynstr
 *(.dynstr)

.gnu.version
 *(.gnu.version)

.gnu.version_d
 *(.gnu.version_d)

.gnu.version_r
 *(.gnu.version_r)

.rel.init
 *(.rel.init)

.rela.init
 *(.rela.init)

.rel.text
 *(.rel.text)
 *(.rel.text.*)
 *(.rel.gnu.linkonce.t*)

.rela.text
 *(.rela.text)
 *(.rela.text.*)
 *(.rela.gnu.linkonce.t*)

.rel.fini
 *(.rel.fini)

.rela.fini
 *(.rela.fini)

.rel.rodata
 *(.rel.rodata)
 *(.rel.rodata.*)
 *(.rel.gnu.linkonce.r*)

.rela.rodata
 *(.rela.rodata)
 *(.rela.rodata.*)
 *(.rela.gnu.linkonce.r*)

.rel.data
 *(.rel.data)
 *(.rel.data.*)
 *(.rel.gnu.linkonce.d*)

.rela.data
 *(.rela.data)
 *(.rela.data.*)
 *(.rela.gnu.linkonce.d*)

.rel.ctors
 *(.rel.ctors)

.rela.ctors
 *(.rela.ctors)

.rel.dtors
 *(.rel.dtors)

.rela.dtors
 *(.rela.dtors)

.rel.got
 *(.rel.got)

.rela.got
 *(.rela.got)

.rel.bss
 *(.rel.bss)

.rela.bss
 *(.rela.bss)

.rel.plt
 *(.rel.plt)

.rela.plt
 *(.rela.plt)

.text           0x00000000     0x226a
 *(.vectors)
 .vectors       0x00000000       0x54 c:/winavr-20100110/bin/../lib/gcc/avr/4.3.3/../../../../avr/lib/avr5/crtm32.o
                0x00000000                __vectors
                0x00000000                __vector_default
 *(.vectors)
 *(.progmem.gcc*)
 *(.progmem*)
                0x00000054                . = ALIGN (0x2)
                0x00000054                __trampolines_start = .
 *(.trampolines)
 .trampolines   0x00000054        0x0 linker stubs
 *(.trampolines*)
                0x00000054                __trampolines_end = .
 *(.jumptables)
 *(.jumptables*)
 *(.lowtext)
 *(.lowtext*)
                0x00000054                __ctors_start = .
 *(.ctors)
                0x00000054                __ctors_end = .
                0x00000054                __dtors_start = .
 *(.dtors)
                0x00000054                __dtors_end = .
 SORT(*)(.ctors)
 SORT(*)(.dtors)
 *(.init0)
 .init0         0x00000054        0x0 c:/winavr-20100110/bin/../lib/gcc/avr/4.3.3/../../../../avr/lib/avr5/crtm32.o
                0x00000054                __init
 *(.init0)
 *(.init1)
 *(.init1)
 *(.init2)
 .init2         0x00000054        0xc c:/winavr-20100110/bin/../lib/gcc/avr/4.3.3/../../../../avr/lib/avr5/crtm32.o
 *(.init2)
 *(.init3)
 *(.init3)
 *(.init4)
 .init4         0x00000060       0x16 c:/winavr-20100110/bin/../lib/gcc/avr/4.3.3/avr5\libgcc.a(_copy_data.o)
                0x00000060                __do_copy_data
 .init4         0x00000076       0x10 c:/winavr-20100110/bin/../lib/gcc/avr/4.3.3/avr5\libgcc.a(_clear_bss.o)
                0x00000076                __do_clear_bss
 *(.init4)
 *(.init5)
 *(.init5)
 *(.init6)
 *(.init6)
 *(.init7)
 *(.init7)
 *(.init8)
 *(.init8)
 *(.init9)
 .init9         0x00000086        0x8 c:/winavr-20100110/bin/../lib/gcc/avr/4.3.3/../../../../avr/lib/avr5/crtm32.o
 *(.init9)
 *(.text)
 .text          0x0000008e        0x4 c:/winavr-20100110/bin/../lib/gcc/avr/4.3.3/../../../../avr/lib/avr5/crtm32.o
                0x0000008e                __vector_1
                0x0000008e                __vector_12
                0x0000008e                __bad_interrupt
                0x0000008e                __vector_6
                0x0000008e                __vector_3
                0x0000008e                __vector_11
                0x0000008e                __vector_13
                0x0000008e                __vector_17
                0x0000008e                __vector_19
                0x0000008e                __vector_5
                0x0000008e                __vector_4
                0x0000008e                __vector_9
                0x0000008e                __vector_2
                0x0000008e                __vector_15
                0x0000008e                __vector_8
                0x0000008e                __vector_14
                0x0000008e                __vector_10
                0x0000008e                __vector_16
                0x0000008e                __vector_18
                0x0000008e                __vector_20
 .text          0x00000092        0x0 ./FreeRTOS/Src/PollQ.o
 .text          0x00000092        0x0 ./FreeRTOS/Src/croutine.o
 .text          0x00000092        0x0 ./FreeRTOS/Src/event_groups.o
 .text          0x00000092        0x0 ./FreeRTOS/Src/heap_1.o
 .text          0x00000092        0x0 ./FreeRTOS/Src/integer.o
 .text          0x00000092        0x0 ./FreeRTOS/Src/list.o
 .text          0x00000092        0x0 ./FreeRTOS/Src/port.o
 .text          0x00000092        0x0 ./FreeRTOS/Src/queue.o
 .text          0x00000092        0x0 ./FreeRTOS/Src/tasks.o
 .text          0x00000092        0x0 ./UART_MA.o
 .text          0x00000092        0x0 ./main.o
 .text          0x00000092        0x0 ./usart_driver.o
 .text          0x00000092        0x0 c:/winavr-20100110/bin/../lib/gcc/avr/4.3.3/avr5\libgcc.a(_mulsi3.o)
 .text          0x00000092        0x0 c:/winavr-20100110/bin/../lib/gcc/avr/4.3.3/avr5\libgcc.a(_udivmodsi4.o)
 .text          0x00000092        0x0 c:/winavr-20100110/bin/../lib/gcc/avr/4.3.3/avr5\libgcc.a(_divmodsi4.o)
 .text          0x00000092        0x0 c:/winavr-20100110/bin/../lib/gcc/avr/4.3.3/avr5\libgcc.a(_exit.o)
 .text          0x00000092        0x0 c:/winavr-20100110/bin/../lib/gcc/avr/4.3.3/avr5\libgcc.a(_copy_data.o)
 .text          0x00000092        0x0 c:/winavr-20100110/bin/../lib/gcc/avr/4.3.3/avr5\libgcc.a(_clear_bss.o)
 .text          0x00000092        0x0 c:/winavr-20100110/bin/../lib/gcc/avr/4.3.3/../../../../avr/lib/avr5\libc.a(memcpy.o)
                0x00000092                . = ALIGN (0x2)
 *(.text.*)
 .text.xArePollingQueuesStillRunning
                0x00000092       0x1a ./FreeRTOS/Src/PollQ.o
                0x00000092                xArePollingQueuesStillRunning
 .text.vStartPolledQueueTasks
                0x000000ac       0x78 ./FreeRTOS/Src/PollQ.o
                0x000000ac                vStartPolledQueueTasks
 .text.vPolledQueueProducer
                0x00000124       0x78 ./FreeRTOS/Src/PollQ.o
 .text.vPolledQueueConsumer
                0x0000019c       0x92 ./FreeRTOS/Src/PollQ.o
 .text.xCoRoutineRemoveFromEventList
                0x0000022e       0x50 ./FreeRTOS/Src/croutine.o
                0x0000022e                xCoRoutineRemoveFromEventList
 .text.vCoRoutineSchedule
                0x0000027e      0x1c0 ./FreeRTOS/Src/croutine.o
                0x0000027e                vCoRoutineSchedule
 .text.vCoRoutineAddToDelayedList
                0x0000043e       0x7a ./FreeRTOS/Src/croutine.o
                0x0000043e                vCoRoutineAddToDelayedList
 .text.xCoRoutineCreate
                0x000004b8       0xf4 ./FreeRTOS/Src/croutine.o
                0x000004b8                xCoRoutineCreate
 .text.xEventGroupClearBits
                0x000005ac       0x20 ./FreeRTOS/Src/event_groups.o
                0x000005ac                xEventGroupClearBits
 .text.xEventGroupGetBitsFromISR
                0x000005cc        0x8 ./FreeRTOS/Src/event_groups.o
                0x000005cc                xEventGroupGetBitsFromISR
 .text.vEventGroupClearBitsCallback
                0x000005d4        0x8 ./FreeRTOS/Src/event_groups.o
                0x000005d4                vEventGroupClearBitsCallback
 .text.vEventGroupDelete
                0x000005dc       0x2e ./FreeRTOS/Src/event_groups.o
                0x000005dc                vEventGroupDelete
 .text.xEventGroupSetBits
                0x0000060a       0xb0 ./FreeRTOS/Src/event_groups.o
                0x0000060a                xEventGroupSetBits
 .text.vEventGroupSetBitsCallback
                0x000006ba        0x8 ./FreeRTOS/Src/event_groups.o
                0x000006ba                vEventGroupSetBitsCallback
 .text.xEventGroupWaitBits
                0x000006c2      0x100 ./FreeRTOS/Src/event_groups.o
                0x000006c2                xEventGroupWaitBits
 .text.xEventGroupSync
                0x000007c2       0xe6 ./FreeRTOS/Src/event_groups.o
                0x000007c2                xEventGroupSync
 .text.xEventGroupCreate
                0x000008a8       0x26 ./FreeRTOS/Src/event_groups.o
                0x000008a8                xEventGroupCreate
 .text.vPortFree
                0x000008ce        0x2 ./FreeRTOS/Src/heap_1.o
                0x000008ce                vPortFree
 .text.vPortInitialiseBlocks
                0x000008d0        0xa ./FreeRTOS/Src/heap_1.o
                0x000008d0                vPortInitialiseBlocks
 .text.xPortGetFreeHeapSize
                0x000008da       0x14 ./FreeRTOS/Src/heap_1.o
                0x000008da                xPortGetFreeHeapSize
 .text.pvPortMalloc
                0x000008ee       0x64 ./FreeRTOS/Src/heap_1.o
                0x000008ee                pvPortMalloc
 .text.vCompeteingIntMathTask
                0x00000952       0xc0 ./FreeRTOS/Src/integer.o
 .text.xAreIntegerMathsTaskStillRunning
                0x00000a12        0xe ./FreeRTOS/Src/integer.o
                0x00000a12                xAreIntegerMathsTaskStillRunning
 .text.vStartIntegerMathTasks
                0x00000a20       0x40 ./FreeRTOS/Src/integer.o
                0x00000a20                vStartIntegerMathTasks
 .text.vListInitialise
                0x00000a60       0x20 ./FreeRTOS/Src/list.o
                0x00000a60                vListInitialise
 .text.vListInitialiseItem
                0x00000a80        0x8 ./FreeRTOS/Src/list.o
                0x00000a80                vListInitialiseItem
 .text.vListInsertEnd
                0x00000a88       0x3e ./FreeRTOS/Src/list.o
                0x00000a88                vListInsertEnd
 .text.vListInsert
                0x00000ac6       0x64 ./FreeRTOS/Src/list.o
                0x00000ac6                vListInsert
 .text.uxListRemove
                0x00000b2a       0x54 ./FreeRTOS/Src/list.o
                0x00000b2a                uxListRemove
 .text.pxPortInitialiseStack
                0x00000b7e       0x90 ./FreeRTOS/Src/port.o
                0x00000b7e                pxPortInitialiseStack
 .text.xPortStartScheduler
                0x00000c0e       0x6a ./FreeRTOS/Src/port.o
                0x00000c0e                xPortStartScheduler
 .text.vPortEndScheduler
                0x00000c78        0x2 ./FreeRTOS/Src/port.o
                0x00000c78                vPortEndScheduler
 .text.vPortYieldFromTick
                0x00000c7a       0xba ./FreeRTOS/Src/port.o
                0x00000c7a                vPortYieldFromTick
 .text.__vector_7
                0x00000d34        0x6 ./FreeRTOS/Src/port.o
                0x00000d34                __vector_7
 .text.vPortYield
                0x00000d3a       0xb2 ./FreeRTOS/Src/port.o
                0x00000d3a                vPortYield
 .text.uxQueueMessagesWaiting
                0x00000dec       0x10 ./FreeRTOS/Src/queue.o
                0x00000dec                uxQueueMessagesWaiting
 .text.uxQueueSpacesAvailable
                0x00000dfc       0x14 ./FreeRTOS/Src/queue.o
                0x00000dfc                uxQueueSpacesAvailable
 .text.uxQueueMessagesWaitingFromISR
                0x00000e10        0x6 ./FreeRTOS/Src/queue.o
                0x00000e10                uxQueueMessagesWaitingFromISR
 .text.xQueueIsQueueEmptyFromISR
                0x00000e16       0x10 ./FreeRTOS/Src/queue.o
                0x00000e16                xQueueIsQueueEmptyFromISR
 .text.xQueueIsQueueFullFromISR
                0x00000e26       0x12 ./FreeRTOS/Src/queue.o
                0x00000e26                xQueueIsQueueFullFromISR
 .text.prvCopyDataToQueue
                0x00000e38       0x98 ./FreeRTOS/Src/queue.o
 .text.prvCopyDataFromQueue
                0x00000ed0       0x3c ./FreeRTOS/Src/queue.o
 .text.xQueuePeekFromISR
                0x00000f0c       0x2a ./FreeRTOS/Src/queue.o
                0x00000f0c                xQueuePeekFromISR
 .text.xQueueCRReceiveFromISR
                0x00000f36       0x76 ./FreeRTOS/Src/queue.o
                0x00000f36                xQueueCRReceiveFromISR
 .text.xQueueCRSendFromISR
                0x00000fac       0x3e ./FreeRTOS/Src/queue.o
                0x00000fac                xQueueCRSendFromISR
 .text.xQueueCRReceive
                0x00000fea       0x8a ./FreeRTOS/Src/queue.o
                0x00000fea                xQueueCRReceive
 .text.xQueueCRSend
                0x00001074       0x6c ./FreeRTOS/Src/queue.o
                0x00001074                xQueueCRSend
 .text.vQueueDelete
                0x000010e0       0x1e ./FreeRTOS/Src/queue.o
                0x000010e0                vQueueDelete
 .text.xQueueReceiveFromISR
                0x000010fe       0x56 ./FreeRTOS/Src/queue.o
                0x000010fe                xQueueReceiveFromISR
 .text.xQueueGenericSendFromISR
                0x00001154       0x6c ./FreeRTOS/Src/queue.o
                0x00001154                xQueueGenericSendFromISR
 .text.prvUnlockQueue
                0x000011c0       0x80 ./FreeRTOS/Src/queue.o
 .text.xQueueGenericReceive
                0x00001240      0x166 ./FreeRTOS/Src/queue.o
                0x00001240                xQueueGenericReceive
 .text.xQueueGenericSend
                0x000013a6      0x156 ./FreeRTOS/Src/queue.o
                0x000013a6                xQueueGenericSend
 .text.xQueueGenericReset
                0x000014fc       0x84 ./FreeRTOS/Src/queue.o
                0x000014fc                xQueueGenericReset
 .text.xQueueGenericCreate
                0x00001580       0x58 ./FreeRTOS/Src/queue.o
                0x00001580                xQueueGenericCreate
 .text.xQueueCreateCountingSemaphore
                0x000015d8       0x1a ./FreeRTOS/Src/queue.o
                0x000015d8                xQueueCreateCountingSemaphore
 .text.vTaskSuspendAll
                0x000015f2        0xc ./FreeRTOS/Src/tasks.o
                0x000015f2                vTaskSuspendAll
 .text.xTaskGetTickCount
                0x000015fe       0x16 ./FreeRTOS/Src/tasks.o
                0x000015fe                xTaskGetTickCount
 .text.xTaskGetTickCountFromISR
                0x00001614        0xc ./FreeRTOS/Src/tasks.o
                0x00001614                xTaskGetTickCountFromISR
 .text.uxTaskGetNumberOfTasks
                0x00001620        0x6 ./FreeRTOS/Src/tasks.o
                0x00001620                uxTaskGetNumberOfTasks
 .text.vTaskSwitchContext
                0x00001626       0x92 ./FreeRTOS/Src/tasks.o
                0x00001626                vTaskSwitchContext
 .text.vTaskSetTimeOutState
                0x000016b8       0x16 ./FreeRTOS/Src/tasks.o
                0x000016b8                vTaskSetTimeOutState
 .text.xTaskCheckForTimeOut
                0x000016ce       0x66 ./FreeRTOS/Src/tasks.o
                0x000016ce                xTaskCheckForTimeOut
 .text.vTaskMissedYield
                0x00001734        0x8 ./FreeRTOS/Src/tasks.o
                0x00001734                vTaskMissedYield
 .text.uxTaskResetEventItemValue
                0x0000173c       0x30 ./FreeRTOS/Src/tasks.o
                0x0000173c                uxTaskResetEventItemValue
 .text.xTaskRemoveFromUnorderedEventList
                0x0000176c       0x68 ./FreeRTOS/Src/tasks.o
                0x0000176c                xTaskRemoveFromUnorderedEventList
 .text.xTaskRemoveFromEventList
                0x000017d4       0x80 ./FreeRTOS/Src/tasks.o
                0x000017d4                xTaskRemoveFromEventList
 .text.xTaskIncrementTick
                0x00001854      0x194 ./FreeRTOS/Src/tasks.o
                0x00001854                xTaskIncrementTick
 .text.prvAddCurrentTaskToDelayedList
                0x000019e8       0x6e ./FreeRTOS/Src/tasks.o
 .text.vTaskPlaceOnUnorderedEventList
                0x00001a56       0x48 ./FreeRTOS/Src/tasks.o
                0x00001a56                vTaskPlaceOnUnorderedEventList
 .text.vTaskPlaceOnEventList
                0x00001a9e       0x3a ./FreeRTOS/Src/tasks.o
                0x00001a9e                vTaskPlaceOnEventList
 .text.xTaskResumeAll
                0x00001ad8       0xe4 ./FreeRTOS/Src/tasks.o
                0x00001ad8                xTaskResumeAll
 .text.vTaskDelay
                0x00001bbc       0x4e ./FreeRTOS/Src/tasks.o
                0x00001bbc                vTaskDelay
 .text.vTaskDelayUntil
                0x00001c0a       0x70 ./FreeRTOS/Src/tasks.o
                0x00001c0a                vTaskDelayUntil
 .text.vTaskDelete
                0x00001c7a       0xc0 ./FreeRTOS/Src/tasks.o
                0x00001c7a                vTaskDelete
 .text.vTaskEndScheduler
                0x00001d3a        0xc ./FreeRTOS/Src/tasks.o
                0x00001d3a                vTaskEndScheduler
 .text.prvIdleTask
                0x00001d46       0x74 ./FreeRTOS/Src/tasks.o
 .text.xTaskGenericCreate
                0x00001dba      0x1f6 ./FreeRTOS/Src/tasks.o
                0x00001dba                xTaskGenericCreate
 .text.vTaskStartScheduler
                0x00001fb0       0x56 ./FreeRTOS/Src/tasks.o
                0x00001fb0                vTaskStartScheduler
 .text.Uart_Init
                0x00002006        0xe ./UART_MA.o
                0x00002006                Uart_Init
 .text.Uart_Transmit_char
                0x00002014        0x8 ./UART_MA.o
                0x00002014                Uart_Transmit_char
 .text.UART_Transmit_STRING
                0x0000201c       0x14 ./UART_MA.o
                0x0000201c                UART_Transmit_STRING
 .text.Uart_Recieve_char
                0x00002030        0x8 ./UART_MA.o
                0x00002030                Uart_Recieve_char
 .text.Uart_Recieve_String
                0x00002038       0x10 ./UART_MA.o
                0x00002038                Uart_Recieve_String
 .text.System_Init
                0x00002048        0xa ./main.o
                0x00002048                System_Init
 .text.T_Led    0x00002052       0x4c ./main.o
                0x00002052                T_Led
 .text.T_Button
                0x0000209e       0x3a ./main.o
                0x0000209e                T_Button
 .text.main     0x000020d8       0x6e ./main.o
                0x000020d8                main
 .text.usart_init
                0x00002146       0x32 ./usart_driver.o
                0x00002146                usart_init
 .text.usart_getc
                0x00002178        0x8 ./usart_driver.o
                0x00002178                usart_getc
 .text.usart_putc
                0x00002180        0x8 ./usart_driver.o
                0x00002180                usart_putc
 .text.usart_puts
                0x00002188       0x14 ./usart_driver.o
                0x00002188                usart_puts
 .text.libgcc   0x0000219c       0x3e c:/winavr-20100110/bin/../lib/gcc/avr/4.3.3/avr5\libgcc.a(_mulsi3.o)
                0x0000219c                __mulsi3
 .text.libgcc   0x000021da       0x44 c:/winavr-20100110/bin/../lib/gcc/avr/4.3.3/avr5\libgcc.a(_udivmodsi4.o)
                0x000021da                __udivmodsi4
 .text.libgcc   0x0000221e       0x36 c:/winavr-20100110/bin/../lib/gcc/avr/4.3.3/avr5\libgcc.a(_divmodsi4.o)
                0x0000221e                __divmodsi4
 .text.libgcc   0x00002254        0x0 c:/winavr-20100110/bin/../lib/gcc/avr/4.3.3/avr5\libgcc.a(_exit.o)
 .text.libgcc   0x00002254        0x0 c:/winavr-20100110/bin/../lib/gcc/avr/4.3.3/avr5\libgcc.a(_copy_data.o)
 .text.libgcc   0x00002254        0x0 c:/winavr-20100110/bin/../lib/gcc/avr/4.3.3/avr5\libgcc.a(_clear_bss.o)
 .text.avr-libc
                0x00002254       0x12 c:/winavr-20100110/bin/../lib/gcc/avr/4.3.3/../../../../avr/lib/avr5\libc.a(memcpy.o)
                0x00002254                memcpy
                0x00002266                . = ALIGN (0x2)
 *(.fini9)
 .fini9         0x00002266        0x0 c:/winavr-20100110/bin/../lib/gcc/avr/4.3.3/avr5\libgcc.a(_exit.o)
                0x00002266                exit
                0x00002266                _exit
 *(.fini9)
 *(.fini8)
 *(.fini8)
 *(.fini7)
 *(.fini7)
 *(.fini6)
 *(.fini6)
 *(.fini5)
 *(.fini5)
 *(.fini4)
 *(.fini4)
 *(.fini3)
 *(.fini3)
 *(.fini2)
 *(.fini2)
 *(.fini1)
 *(.fini1)
 *(.fini0)
 .fini0         0x00002266        0x4 c:/winavr-20100110/bin/../lib/gcc/avr/4.3.3/avr5\libgcc.a(_exit.o)
 *(.fini0)
                0x0000226a                _etext = .

.data           0x00800060       0x20 load address 0x0000226a
                0x00800060                PROVIDE (__data_start, .)
 *(.data)
 .data          0x00800060        0x0 c:/winavr-20100110/bin/../lib/gcc/avr/4.3.3/../../../../avr/lib/avr5/crtm32.o
 .data          0x00800060       0x10 ./FreeRTOS/Src/PollQ.o
 .data          0x00800070        0x0 ./FreeRTOS/Src/croutine.o
 .data          0x00800070        0x0 ./FreeRTOS/Src/event_groups.o
 .data          0x00800070        0x0 ./FreeRTOS/Src/heap_1.o
 .data          0x00800070        0x8 ./FreeRTOS/Src/integer.o
 .data          0x00800078        0x0 ./FreeRTOS/Src/list.o
 .data          0x00800078        0x0 ./FreeRTOS/Src/port.o
 .data          0x00800078        0x0 ./FreeRTOS/Src/queue.o
 .data          0x00800078        0x5 ./FreeRTOS/Src/tasks.o
 .data          0x0080007d        0x0 ./UART_MA.o
 .data          0x0080007d        0x0 ./main.o
 .data          0x0080007d        0x0 ./usart_driver.o
 .data          0x0080007d        0x0 c:/winavr-20100110/bin/../lib/gcc/avr/4.3.3/avr5\libgcc.a(_mulsi3.o)
 .data          0x0080007d        0x0 c:/winavr-20100110/bin/../lib/gcc/avr/4.3.3/avr5\libgcc.a(_udivmodsi4.o)
 .data          0x0080007d        0x0 c:/winavr-20100110/bin/../lib/gcc/avr/4.3.3/avr5\libgcc.a(_divmodsi4.o)
 .data          0x0080007d        0x0 c:/winavr-20100110/bin/../lib/gcc/avr/4.3.3/avr5\libgcc.a(_exit.o)
 .data          0x0080007d        0x0 c:/winavr-20100110/bin/../lib/gcc/avr/4.3.3/avr5\libgcc.a(_copy_data.o)
 .data          0x0080007d        0x0 c:/winavr-20100110/bin/../lib/gcc/avr/4.3.3/avr5\libgcc.a(_clear_bss.o)
 .data          0x0080007d        0x0 c:/winavr-20100110/bin/../lib/gcc/avr/4.3.3/../../../../avr/lib/avr5\libc.a(memcpy.o)
 *(.data*)
 .data.xNextTaskUnblockTime
                0x0080007d        0x2 ./FreeRTOS/Src/tasks.o
 *(.rodata)
 *(.rodata*)
 *(.gnu.linkonce.d*)
                0x00800080                . = ALIGN (0x2)
 *fill*         0x0080007f        0x1 00
                0x00800080                _edata = .
                0x00800080                PROVIDE (__data_end, .)

.bss            0x00800080      0x67c
                0x00800080                PROVIDE (__bss_start, .)
 *(.bss)
 .bss           0x00800080        0x0 c:/winavr-20100110/bin/../lib/gcc/avr/4.3.3/../../../../avr/lib/avr5/crtm32.o
 .bss           0x00800080        0x0 ./FreeRTOS/Src/PollQ.o
 .bss           0x00800080        0x0 ./FreeRTOS/Src/croutine.o
 .bss           0x00800080        0x0 ./FreeRTOS/Src/event_groups.o
 .bss           0x00800080        0x0 ./FreeRTOS/Src/heap_1.o
 .bss           0x00800080        0x0 ./FreeRTOS/Src/integer.o
 .bss           0x00800080        0x0 ./FreeRTOS/Src/list.o
 .bss           0x00800080        0x0 ./FreeRTOS/Src/port.o
 .bss           0x00800080        0x0 ./FreeRTOS/Src/queue.o
 .bss           0x00800080        0x0 ./FreeRTOS/Src/tasks.o
 .bss           0x00800080        0x0 ./UART_MA.o
 .bss           0x00800080        0x0 ./main.o
 .bss           0x00800080        0x0 ./usart_driver.o
 .bss           0x00800080        0x0 c:/winavr-20100110/bin/../lib/gcc/avr/4.3.3/avr5\libgcc.a(_mulsi3.o)
 .bss           0x00800080        0x0 c:/winavr-20100110/bin/../lib/gcc/avr/4.3.3/avr5\libgcc.a(_udivmodsi4.o)
 .bss           0x00800080        0x0 c:/winavr-20100110/bin/../lib/gcc/avr/4.3.3/avr5\libgcc.a(_divmodsi4.o)
 .bss           0x00800080        0x0 c:/winavr-20100110/bin/../lib/gcc/avr/4.3.3/avr5\libgcc.a(_exit.o)
 .bss           0x00800080        0x0 c:/winavr-20100110/bin/../lib/gcc/avr/4.3.3/avr5\libgcc.a(_copy_data.o)
 .bss           0x00800080        0x0 c:/winavr-20100110/bin/../lib/gcc/avr/4.3.3/avr5\libgcc.a(_clear_bss.o)
 .bss           0x00800080        0x0 c:/winavr-20100110/bin/../lib/gcc/avr/4.3.3/../../../../avr/lib/avr5\libc.a(memcpy.o)
 *(.bss*)
 .bss.xPollingConsumerCount
                0x00800080        0x1 ./FreeRTOS/Src/PollQ.o
 .bss.xPollingProducerCount
                0x00800081        0x1 ./FreeRTOS/Src/PollQ.o
 .bss.xPolledQueue.1653
                0x00800082        0x2 ./FreeRTOS/Src/PollQ.o
 .bss.pxCurrentCoRoutine
                0x00800084        0x2 ./FreeRTOS/Src/croutine.o
                0x00800084                pxCurrentCoRoutine
 .bss.uxTopCoRoutineReadyPriority
                0x00800086        0x1 ./FreeRTOS/Src/croutine.o
 .bss.xLastTickCount
                0x00800087        0x2 ./FreeRTOS/Src/croutine.o
 .bss.xPassedTicks
                0x00800089        0x2 ./FreeRTOS/Src/croutine.o
 .bss.xCoRoutineTickCount
                0x0080008b        0x2 ./FreeRTOS/Src/croutine.o
 .bss.pxReadyCoRoutineLists
                0x0080008d       0x12 ./FreeRTOS/Src/croutine.o
 .bss.xDelayedCoRoutineList1
                0x0080009f        0x9 ./FreeRTOS/Src/croutine.o
 .bss.xDelayedCoRoutineList2
                0x008000a8        0x9 ./FreeRTOS/Src/croutine.o
 .bss.pxDelayedCoRoutineList
                0x008000b1        0x2 ./FreeRTOS/Src/croutine.o
 .bss.pxOverflowDelayedCoRoutineList
                0x008000b3        0x2 ./FreeRTOS/Src/croutine.o
 .bss.xPendingReadyCoRoutineList
                0x008000b5        0x9 ./FreeRTOS/Src/croutine.o
 .bss.xNextFreeByte
                0x008000be        0x2 ./FreeRTOS/Src/heap_1.o
 .bss.pucAlignedHeap.1541
                0x008000c0        0x2 ./FreeRTOS/Src/heap_1.o
 .bss.ucHeap    0x008000c2      0x5dc ./FreeRTOS/Src/heap_1.o
 .bss.xTaskCheck
                0x0080069e        0x1 ./FreeRTOS/Src/integer.o
 .bss.pxCurrentTCB
                0x0080069f        0x2 ./FreeRTOS/Src/tasks.o
                0x0080069f                pxCurrentTCB
 .bss.xYieldPending
                0x008006a1        0x1 ./FreeRTOS/Src/tasks.o
 .bss.xTickCount
                0x008006a2        0x2 ./FreeRTOS/Src/tasks.o
 .bss.xNumOfOverflows
                0x008006a4        0x1 ./FreeRTOS/Src/tasks.o
 .bss.uxTopReadyPriority
                0x008006a5        0x1 ./FreeRTOS/Src/tasks.o
 .bss.uxSchedulerSuspended
                0x008006a6        0x1 ./FreeRTOS/Src/tasks.o
 .bss.uxPendedTicks
                0x008006a7        0x1 ./FreeRTOS/Src/tasks.o
 .bss.uxCurrentNumberOfTasks
                0x008006a8        0x1 ./FreeRTOS/Src/tasks.o
 .bss.xSchedulerRunning
                0x008006a9        0x1 ./FreeRTOS/Src/tasks.o
 .bss.uxTasksDeleted
                0x008006aa        0x1 ./FreeRTOS/Src/tasks.o
 .bss.uxTaskNumber
                0x008006ab        0x1 ./FreeRTOS/Src/tasks.o
 .bss.pxReadyTasksLists
                0x008006ac       0x24 ./FreeRTOS/Src/tasks.o
 .bss.xDelayedTaskList1
                0x008006d0        0x9 ./FreeRTOS/Src/tasks.o
 .bss.xDelayedTaskList2
                0x008006d9        0x9 ./FreeRTOS/Src/tasks.o
 .bss.pxDelayedTaskList
                0x008006e2        0x2 ./FreeRTOS/Src/tasks.o
 .bss.pxOverflowDelayedTaskList
                0x008006e4        0x2 ./FreeRTOS/Src/tasks.o
 .bss.xPendingReadyList
                0x008006e6        0x9 ./FreeRTOS/Src/tasks.o
 .bss.xTasksWaitingTermination
                0x008006ef        0x9 ./FreeRTOS/Src/tasks.o
 *(COMMON)
 COMMON         0x008006f8        0x4 ./main.o
                0x008006f8                EgAlarm
                0x008006fa                EventsBitsValues
                0x008006fc                PROVIDE (__bss_end, .)
                0x0000226a                __data_load_start = LOADADDR (.data)
                0x0000228a                __data_load_end = (__data_load_start + SIZEOF (.data))

.noinit         0x008006fc        0x0
                0x008006fc                PROVIDE (__noinit_start, .)
 *(.noinit*)
                0x008006fc                PROVIDE (__noinit_end, .)
                0x008006fc                _end = .
                0x008006fc                PROVIDE (__heap_start, .)

.eeprom         0x00810000        0x0
 *(.eeprom*)
                0x00810000                __eeprom_end = .

.fuse
 *(.fuse)
 *(.lfuse)
 *(.hfuse)
 *(.efuse)

.lock
 *(.lock*)

.signature
 *(.signature*)

.stab
 *(.stab)

.stabstr
 *(.stabstr)

.stab.excl
 *(.stab.excl)

.stab.exclstr
 *(.stab.exclstr)

.stab.index
 *(.stab.index)

.stab.indexstr
 *(.stab.indexstr)

.comment
 *(.comment)

.debug
 *(.debug)

.line
 *(.line)

.debug_srcinfo
 *(.debug_srcinfo)

.debug_sfnames
 *(.debug_sfnames)

.debug_aranges
 *(.debug_aranges)

.debug_pubnames
 *(.debug_pubnames)

.debug_info
 *(.debug_info)
 *(.gnu.linkonce.wi.*)

.debug_abbrev
 *(.debug_abbrev)

.debug_line
 *(.debug_line)

.debug_frame
 *(.debug_frame)

.debug_str
 *(.debug_str)

.debug_loc
 *(.debug_loc)

.debug_macinfo
 *(.debug_macinfo)
OUTPUT(Rtos_event_groups_buttons_Alarm.elf elf32-avr)
LOAD linker stubs
